drv_gpio.c:164:18:stm32_pin_get	40	static
drv_gpio.c:201:13:stm32_pin_write	32	static
drv_gpio.c:215:12:stm32_pin_read	32	static
drv_gpio.c:231:13:stm32_pin_mode	48	static
drv_gpio.c:280:22:bit2bitno	24	static
drv_gpio.c:293:37:get_pin_irq_map	24	static
drv_gpio.c:303:17:stm32_pin_attach_irq	32	static
drv_gpio.c:343:17:stm32_pin_dettach_irq	24	static
drv_gpio.c:374:17:stm32_pin_irq_enable	56	static
drv_gpio.c:511:16:pin_irq_hdr	16	static
drv_gpio.c:530:6:HAL_GPIO_EXTI_Callback	16	static
drv_gpio.c:685:6:EXTI0_IRQHandler	8	static
drv_gpio.c:692:6:EXTI1_IRQHandler	8	static
drv_gpio.c:699:6:EXTI2_IRQHandler	8	static
drv_gpio.c:706:6:EXTI3_IRQHandler	8	static
drv_gpio.c:713:6:EXTI4_IRQHandler	8	static
drv_gpio.c:720:6:EXTI9_5_IRQHandler	8	static
drv_gpio.c:731:6:EXTI15_10_IRQHandler	8	static
drv_gpio.c:744:5:rt_hw_pin_init	40	static
