core_cm4.h:1717:22:__NVIC_DisableIRQ	16	static
drv_usart_v2.c:112:17:stm32_configure	24	static
drv_usart_v2.c:188:17:stm32_control	32	static
drv_usart_v2.c:292:12:stm32_putc	24	static
drv_usart_v2.c:305:13:stm32_uart_get_mask	24	static
drv_usart_v2.c:352:12:stm32_getc	32	static
drv_usart_v2.c:365:18:stm32_transmit	32	static
drv_usart_v2.c:388:13:dma_recv_isr	32	static
drv_usart_v2.c:439:13:uart_isr	40	static
drv_usart_v2.c:549:6:USART1_IRQHandler	8	static
drv_usart_v2.c:586:6:USART2_IRQHandler	8	static
drv_usart_v2.c:597:6:DMA1_Channel6_IRQHandler	8	static
drv_usart_v2.c:609:6:DMA1_Channel7_IRQHandler	8	static
drv_usart_v2.c:869:13:stm32_uart_get_config	24	static
drv_usart_v2.c:954:13:stm32_dma_config	40	static
drv_usart_v2.c:1086:6:HAL_UART_ErrorCallback	24	static
drv_usart_v2.c:1101:6:HAL_UART_RxCpltCallback	24	static
drv_usart_v2.c:1116:6:HAL_UART_RxHalfCpltCallback	24	static
drv_usart_v2.c:1131:6:HAL_UART_TxCpltCallback	32	static
drv_usart_v2.c:1163:5:rt_hw_usart_init	24	static
