core_cm4.h:1809:22:__NVIC_SetPriority	16	static
drv_common.c:24:13:reboot	16	static
drv_common.c:35:6:rt_hw_systick_init	8	static
drv_common.c:50:6:SysTick_Handler	8	static
drv_common.c:64:10:HAL_GetTick	8	static
drv_common.c:72:6:HAL_IncTick	4	static
drv_common.c:77:6:HAL_SuspendTick	4	static
drv_common.c:81:6:HAL_ResumeTick	4	static
drv_common.c:85:6:HAL_Delay	24	static
drv_common.c:101:19:HAL_InitTick	16	static
drv_common.c:114:6:_Error_Handler	16	static
drv_common.c:129:6:rt_hw_us_delay	40	static
drv_common.c:162:14:rt_hw_board_init	8	static
